[blogosphere.cmsmasters.net/interior/index.html]
[backblue.gif]
[fade.gif]
[index.html]
[blogosphere.cmsmasters.net/interior/wp-content/plugins/instagram-feed/css/sbi-styles.mind42d.css]
[blogosphere.cmsmasters.net/interior/wp-content/plugins/LayerSlider/assets/static/layerslider/css/layerslider56ef.css]
[blogosphere.cmsmasters.net/interior/feed/index.html]
[blogosphere.cmsmasters.net/interior/wp-includes/css/dist/block-library/style.min1eb7.css]
[blogosphere.cmsmasters.net/interior/wp-content/plugins/woocommerce/packages/woocommerce-blocks/build/wc-blocks-vendors-style2ff6.css]
[blogosphere.cmsmasters.net/interior/wp-content/plugins/woocommerce/packages/woocommerce-blocks/build/wc-blocks-style2ff6.css]
[blogosphere.cmsmasters.net/interior/wp-content/plugins/contact-form-7/includes/css/styles42f0.css]
[blogosphere.cmsmasters.net/interior/comments/feed/index.html]
[blogosphere.cmsmasters.net/interior/wp-content/plugins/cookie-law-info/legacy/public/css/cookie-law-info-public19ce.css]
[blogosphere.cmsmasters.net/interior/wp-content/plugins/cookie-law-info/legacy/public/css/cookie-law-info-gdpr19ce.css]
[blogosphere.cmsmasters.net/interior/wp-content/themes/blogosphere/style8a54.css]
[blogosphere.cmsmasters.net/interior/wp-content/themes/blogosphere/theme-framework/theme-style/css/style8a54.css]
[blogosphere.cmsmasters.net/interior/wp-content/themes/blogosphere/theme-framework/theme-style/css/adaptive8a54.css]
[blogosphere.cmsmasters.net/interior/wp-content/themes/blogosphere/theme-framework/theme-style/css/retina8a54.css]
[blogosphere.cmsmasters.net/interior/wp-content/themes/blogosphere/css/fontello8a54.css]
[blogosphere.cmsmasters.net/interior/wp-content/themes/blogosphere/theme-vars/theme-style/css/fontello-custom8a54.css]
[blogosphere.cmsmasters.net/interior/wp-content/themes/blogosphere/css/animate8a54.css]
[blogosphere.cmsmasters.net/interior/wp-content/themes/blogosphere/css/ilightbox3601.css]
[blogosphere.cmsmasters.net/interior/wp-content/themes/blogosphere/css/ilightbox-skins/dark-skin3601.css]
[blogosphere.cmsmasters.net/interior/wp-content/uploads/sites/3/cmsmasters_styles/blogosphere8a54.css]
[blogosphere.cmsmasters.net/interior/wp-content/themes/blogosphere/gutenberg/cmsmasters-framework/theme-style/css/frontend-style8a54.css]
[blogosphere.cmsmasters.net/interior/wp-content/themes/blogosphere/woocommerce/cmsmasters-framework/theme-style/css/plugin-style8a54.css]
[blogosphere.cmsmasters.net/interior/wp-content/themes/blogosphere/woocommerce/cmsmasters-framework/theme-style/css/plugin-adaptive8a54.css]
[blogosphere.cmsmasters.net/interior/wp-includes/js/jquery/jquery.minaf6c.js]
[blogosphere.cmsmasters.net/interior/wp-includes/js/jquery/jquery-migrate.mind617.js]
[blogosphere.cmsmasters.net/interior/wp-content/plugins/LayerSlider/assets/static/layerslider/js/layerslider.utils56ef.js]
[blogosphere.cmsmasters.net/interior/wp-content/plugins/LayerSlider/assets/static/layerslider/js/layerslider.transitions56ef.js]
[blogosphere.cmsmasters.net/interior/wp-content/plugins/LayerSlider/assets/static/layerslider/js/layerslider.kreaturamedia.jquery56ef.js]
[blogosphere.cmsmasters.net/interior/wp-content/plugins/cookie-law-info/legacy/public/js/cookie-law-info-public19ce.js]
[blogosphere.cmsmasters.net/interior/wp-content/plugins/revslider/public/assets/js/rbtools.min3883.js]
[blogosphere.cmsmasters.net/interior/wp-content/themes/blogosphere/js/debounced-resize.min8a54.js]
[blogosphere.cmsmasters.net/interior/wp-content/plugins/revslider/public/assets/js/rs6.min3883.js]
[blogosphere.cmsmasters.net/interior/wp-content/themes/blogosphere/js/modernizr.min8a54.js]
[blogosphere.cmsmasters.net/interior/wp-content/themes/blogosphere/js/respond.min8a54.js]
[blogosphere.cmsmasters.net/interior/wp-content/themes/blogosphere/js/jquery.iLightBox.min3601.js]
[blogosphere.cmsmasters.net/interior/wp-json/index.html]
[blogosphere.cmsmasters.net/interior/wp-json/wp/v2/pages/7366.json]
[blogosphere.cmsmasters.net/interior/wp-includes/wlwmanifest.xml]
[blogosphere.cmsmasters.net/interior/wp-json/oembed/1.0/embed2cf4.json]
[blogosphere.cmsmasters.net/interior/wp-json/oembed/1.0/embedec55]
[blogosphere.cmsmasters.net/interior/wp-content/uploads/sites/3/2017/09/cropped-favicon-2-75x75.png]
[blogosphere.cmsmasters.net/interior/wp-content/uploads/sites/3/2017/09/cropped-favicon-2-300x300.png]
[blogosphere.cmsmasters.net/interior/wp-content/uploads/sites/3/2017/09/cropped-favicon-2-180x180.png]
[blogosphere.cmsmasters.net/interior/wp-content/uploads/sites/3/2017/12/logo-3.png]
[blogosphere.cmsmasters.net/interior/wp-content/uploads/sites/3/2017/12/logo-3-retina.png]
[blogosphere.cmsmasters.net/interior/wp-content/plugins/revslider/public/assets/assets/dummy.png]
[blogosphere.cmsmasters.net/interior/about-me/index.html]
[blogosphere.cmsmasters.net/interior/2017/09/01/tactics-for-avoiding-the-comparison-trap/index.html]
[blogosphere.cmsmasters.net/interior/wp-content/uploads/sites/3/2017/09/blog3-2t.jpg]
[blogosphere.cmsmasters.net/interior/2017/09/08/colour-why-you-should-paint-your-walls-in-more-than-one-hue/index.html]
[blogosphere.cmsmasters.net/interior/2017/09/22/world-of-design-10-ways-to-live-in-harmony-with-housemates/index.html]
[blogosphere.cmsmasters.net/interior/2017/09/03/how-to-be-more-creative/index.html]
[blogosphere.cmsmasters.net/interior/wp-content/uploads/sites/3/2017/09/blog3-3t.jpg]
[blogosphere.cmsmasters.net/interior/2017/09/04/husky-rescue-new-light-of-tomorrow/index.html]
[blogosphere.cmsmasters.net/interior/standard-blog/index.html]
[blogosphere.cmsmasters.net/interior/masonry-blog/index.html]
[blogosphere.cmsmasters.net/interior/wp-content/uploads/sites/3/2017/09/blog3-4t.jpg]
[blogosphere.cmsmasters.net/interior/puzzle-blog/index.html]
[blogosphere.cmsmasters.net/interior/side-blog/index.html]
[blogosphere.cmsmasters.net/interior/timeline-blog/index.html]
[blogosphere.cmsmasters.net/interior/category/interior/index.html]
[blogosphere.cmsmasters.net/interior/typography-2/index.html]
[blogosphere.cmsmasters.net/interior/shop/index.html]
[blogosphere.cmsmasters.net/interior/wp-content/uploads/sites/3/2017/09/blog3-5.jpg]
[blogosphere.cmsmasters.net/interior/grid-blog/index.html]
[blogosphere.cmsmasters.net/interior/wp-content/uploads/sites/3/2017/09/blog3-5-860x556.jpg]
[blogosphere.cmsmasters.net/interior/contacts/index.html]
[blogosphere.cmsmasters.net/interior/wp-content/uploads/sites/3/2017/09/blog3-6.jpg]
[blogosphere.cmsmasters.net/interior/category/architecture/index.html]
[blogosphere.cmsmasters.net/interior/2017/09/28/tour-this-6-bedroom-boho-paradise/index.html]
[blogosphere.cmsmasters.net/interior/2017/09/26/just-enough-boho-thanks-to-the-citizenry/index.html]
[blogosphere.cmsmasters.net/interior/wp-content/uploads/sites/3/2017/09/blog3-6-860x556.jpg]
[blogosphere.cmsmasters.net/interior/category/features/index.html]
[blogosphere.cmsmasters.net/interior/2017/09/24/room-refresh-no-remodeling-required/index.html]
[blogosphere.cmsmasters.net/interior/category/ideas/index.html]
[blogosphere.cmsmasters.net/interior/wp-content/uploads/sites/3/2017/09/blog3-7.jpg]
[blogosphere.cmsmasters.net/interior/author/cmsmasters/index.html]
[blogosphere.cmsmasters.net/interior/2017/09/24/my-small-living-room-makeover-for-west-elm/index.html]
[blogosphere.cmsmasters.net/interior/category/design/index.html]
[blogosphere.cmsmasters.net/interior/wp-content/uploads/sites/3/2017/09/blog3-7-860x556.jpg]
[blogosphere.cmsmasters.net/interior/wp-content/uploads/sites/3/2017/09/blog3-8.jpg]
[blogosphere.cmsmasters.net/interior/wp-content/uploads/sites/3/2017/09/blog3-8-860x556.jpg]
[blogosphere.cmsmasters.net/interior/wp-content/uploads/sites/3/2017/09/blog3-12t.jpg]
[blogosphere.cmsmasters.net/interior/2017/09/20/inspired-simplicity-in-this-fashion-designers-home/index.html]
[blogosphere.cmsmasters.net/interior/wp-content/uploads/sites/3/2017/09/blog3-11t.jpg]
[blogosphere.cmsmasters.net/interior/wp-content/uploads/sites/3/2017/09/blog3-10t.jpg]
[blogosphere.cmsmasters.net/interior/2017/09/18/interior-design-best-design-ideas-for-split-level-homes/index.html]
[blogosphere.cmsmasters.net/interior/wp-content/uploads/sites/3/2017/09/blog3-9t.jpg]
[blogosphere.cmsmasters.net/interior/page/2/index.html]
[blogosphere.cmsmasters.net/interior/page/3/index.html]
[blogosphere.cmsmasters.net/interior/2017/09/10/styling-10-easy-ideas-for-improving-a-period-fireplace/index.html]
[blogosphere.cmsmasters.net/interior/wp-content/uploads/sites/3/2017/09/blog3-8t.jpg]
[blogosphere.cmsmasters.net/interior/category/style/index.html]
[blogosphere.cmsmasters.net/interior/wp-content/uploads/sites/3/2017/09/blog3-7t.jpg]
[blogosphere.cmsmasters.net/interior/2017/09/13/fun-houzz-10-reasons-to-ditch-perfectionism-in-your-home/index.html]
[blogosphere.cmsmasters.net/interior/2017/09/15/7-wonderful-places-you-will-never-get-to-visit/index.html]
[blogosphere.cmsmasters.net/interior/category/lifestyle/index.html]
[blogosphere.cmsmasters.net/interior/wp-content/uploads/sites/3/2017/09/blog3-6t.jpg]
[blogosphere.cmsmasters.net/interior/wp-content/uploads/sites/3/2017/09/blog3-5t.jpg]
[blogosphere.cmsmasters.net/interior/wp-content/plugins/mailpoet/assets/dist/css/mailpoet-public.a09bafc31eb7.css]
[blogosphere.cmsmasters.net/interior/wp-content/plugins/revslider/public/assets/css/rs63883.css]
[blogosphere.cmsmasters.net/interior/wp-content/plugins/cmsmasters-mega-menu/js/jquery.megaMenu077c.js]
[blogosphere.cmsmasters.net/interior/wp-content/plugins/contact-form-7/includes/swv/js/index42f0.js]
[blogosphere.cmsmasters.net/interior/wp-content/plugins/contact-form-7/includes/js/index42f0.js]
[blogosphere.cmsmasters.net/interior/wp-content/plugins/woocommerce/assets/js/jquery-blockui/jquery.blockUI.mindc32.js]
[blogosphere.cmsmasters.net/interior/wp-content/plugins/woocommerce/assets/js/frontend/add-to-cart.min823d.js]
[blogosphere.cmsmasters.net/interior/wp-content/plugins/woocommerce/assets/js/js-cookie/js.cookie.minc599.js]
[blogosphere.cmsmasters.net/interior/wp-content/plugins/woocommerce/assets/js/frontend/woocommerce.min823d.js]
[blogosphere.cmsmasters.net/interior/wp-content/plugins/woocommerce/assets/js/frontend/cart-fragments.min823d.js]
[blogosphere.cmsmasters.net/interior/wp-content/themes/blogosphere/js/cmsmasters-hover-slider.min8a54.js]
[blogosphere.cmsmasters.net/interior/wp-content/themes/blogosphere/js/easing.min8a54.js]
[blogosphere.cmsmasters.net/interior/wp-content/themes/blogosphere/js/easy-pie-chart.min8a54.js]
[blogosphere.cmsmasters.net/interior/wp-content/themes/blogosphere/js/mousewheel.min8a54.js]
[blogosphere.cmsmasters.net/interior/wp-content/themes/blogosphere/js/owlcarousel.min8a54.js]
[blogosphere.cmsmasters.net/interior/wp-includes/js/imagesloaded.mineda1.js]
[blogosphere.cmsmasters.net/interior/wp-content/themes/blogosphere/js/request-animation-frame.min8a54.js]
[blogosphere.cmsmasters.net/interior/wp-content/themes/blogosphere/js/scrollspy8a54.js]
[blogosphere.cmsmasters.net/interior/wp-content/themes/blogosphere/js/scroll-to.min8a54.js]
[blogosphere.cmsmasters.net/interior/wp-content/themes/blogosphere/js/stellar.min8a54.js]
[blogosphere.cmsmasters.net/interior/wp-content/themes/blogosphere/js/waypoints.min8a54.js]
[blogosphere.cmsmasters.net/interior/wp-content/themes/blogosphere/js/jquery.script8a54.js]
[blogosphere.cmsmasters.net/interior/wp-content/themes/blogosphere/theme-framework/theme-style/js/jquery.theme-script8a54.js]
[blogosphere.cmsmasters.net/interior/wp-content/themes/blogosphere/js/jquery.tweet.mine7f0.js]
[blogosphere.cmsmasters.net/interior/wp-content/themes/blogosphere/js/smooth-sticky.min20b9.js]
[blogosphere.cmsmasters.net/interior/wp-includes/js/comment-reply.min1eb7.js]
[blogosphere.cmsmasters.net/interior/wp-content/themes/blogosphere/woocommerce/cmsmasters-framework/theme-style/js/jquery.plugin-script8a54.js]
[blogosphere.cmsmasters.net/interior/wp-content/themes/blogosphere/js/jquery.isotope.min5d6b.js]
[blogosphere.cmsmasters.net/interior/wp-content/themes/blogosphere/theme-framework/theme-style/js/jquery.isotope.mode8a54.js]
[blogosphere.cmsmasters.net/interior/index.html]
[blogosphere.cmsmasters.net/interior/xmlrpc.html]
[blogosphere.cmsmasters.net/interior/wp-content/plugins/instagram-feed/css/sbi-styles.mind42d.css]
[blogosphere.cmsmasters.net/interior/wp-content/plugins/mailpoet/assets/dist/js/public.30f9470ee18b.js]
[blogosphere.cmsmasters.net/interior/wp-content/plugins/LayerSlider/assets/static/layerslider/img/icon-muted-white.png]
[blogosphere.cmsmasters.net/interior/wp-content/plugins/LayerSlider/assets/static/layerslider/img/icon-unmuted-white.png]
[blogosphere.cmsmasters.net/interior/wp-content/plugins/LayerSlider/assets/static/layerslider/css/layerslider56ef.css]
[blogosphere.cmsmasters.net/interior/wp-includes/css/dist/block-library/style.min1eb7.css]
[blogosphere.cmsmasters.net/interior/wp-content/plugins/woocommerce/packages/woocommerce-blocks/build/wc-blocks-vendors-style2ff6.css]
[blogosphere.cmsmasters.net/interior/wp-content/plugins/woocommerce/packages/woocommerce-blocks/build/wc-blocks-style2ff6.css]
[blogosphere.cmsmasters.net/interior/wp-content/plugins/contact-form-7/includes/css/styles42f0.css]
[blogosphere.cmsmasters.net/interior/wp-content/plugins/cookie-law-info/legacy/public/css/cookie-law-info-public19ce.css]
[blogosphere.cmsmasters.net/interior/wp-content/plugins/cookie-law-info/legacy/public/css/cookie-law-info-gdpr19ce.css]
[blogosphere.cmsmasters.net/interior/wp-content/themes/blogosphere/style8a54.css]
[blogosphere.cmsmasters.net/interior/wp-content/themes/blogosphere/img/select.png]
[blogosphere.cmsmasters.net/interior/wp-content/themes/blogosphere/theme-framework/theme-style/css/style8a54.css]
[blogosphere.cmsmasters.net/interior/wp-content/themes/blogosphere/theme-framework/theme-style/css/adaptive8a54.css]
[blogosphere.cmsmasters.net/interior/wp-content/themes/blogosphere/theme-framework/theme-style/css/retina8a54.css]
[blogosphere.cmsmasters.net/interior/wp-content/themes/blogosphere/css/fonts/fontellob975.eot]
[blogosphere.cmsmasters.net/interior/wp-content/themes/blogosphere/css/fonts/fontellob975.woff]
[blogosphere.cmsmasters.net/interior/wp-content/themes/blogosphere/css/fonts/fontellob975.ttf]
[blogosphere.cmsmasters.net/interior/wp-content/themes/blogosphere/css/fontello8a54.css]
[blogosphere.cmsmasters.net/interior/wp-content/themes/blogosphere/theme-vars/theme-style/css/fonts/fontello-custombe63.eot]
[blogosphere.cmsmasters.net/interior/wp-content/themes/blogosphere/theme-vars/theme-style/css/fonts/fontello-custombe63.woff]
[blogosphere.cmsmasters.net/interior/wp-content/themes/blogosphere/theme-vars/theme-style/css/fonts/fontello-custombe63.ttf]
[blogosphere.cmsmasters.net/interior/wp-content/themes/blogosphere/theme-vars/theme-style/css/fontello-custom8a54.css]
[blogosphere.cmsmasters.net/interior/wp-content/themes/blogosphere/css/animate8a54.css]
[blogosphere.cmsmasters.net/interior/wp-content/themes/blogosphere/css/ilightbox3601.css]
[blogosphere.cmsmasters.net/interior/wp-content/themes/blogosphere/img/ilightbox/dark-skin/preloader.gif]
[blogosphere.cmsmasters.net/interior/wp-content/themes/blogosphere/img/ilightbox/dark-skin/caption-bg.png]
[blogosphere.cmsmasters.net/interior/wp-content/themes/blogosphere/img/ilightbox/dark-skin/alert.png]
[blogosphere.cmsmasters.net/interior/wp-content/themes/blogosphere/img/ilightbox/dark-skin/buttons.png]
[blogosphere.cmsmasters.net/interior/wp-content/themes/blogosphere/img/ilightbox/dark-skin/fullscreen-icon-64.png]
[blogosphere.cmsmasters.net/interior/wp-content/themes/blogosphere/img/ilightbox/dark-skin/fullscreen-icon-ie.png]
[blogosphere.cmsmasters.net/interior/wp-content/themes/blogosphere/img/ilightbox/dark-skin/x-mark-icon-64.png]
[blogosphere.cmsmasters.net/interior/wp-content/themes/blogosphere/img/ilightbox/dark-skin/x-mark-icon-ie.png]
[blogosphere.cmsmasters.net/interior/wp-content/themes/blogosphere/img/ilightbox/dark-skin/arrow-next-icon-64.png]
[blogosphere.cmsmasters.net/interior/wp-content/themes/blogosphere/img/ilightbox/dark-skin/arrow-next-icon-ie.png]
[blogosphere.cmsmasters.net/interior/wp-content/themes/blogosphere/img/ilightbox/dark-skin/arrow-prev-icon-64.png]
[blogosphere.cmsmasters.net/interior/wp-content/themes/blogosphere/img/ilightbox/dark-skin/arrow-prev-icon-ie.png]
[blogosphere.cmsmasters.net/interior/wp-content/themes/blogosphere/img/ilightbox/dark-skin/play-icon-64.png]
[blogosphere.cmsmasters.net/interior/wp-content/themes/blogosphere/img/ilightbox/dark-skin/play-icon-ie.png]
[blogosphere.cmsmasters.net/interior/wp-content/themes/blogosphere/img/ilightbox/dark-skin/pause-icon-64.png]
[blogosphere.cmsmasters.net/interior/wp-content/themes/blogosphere/img/ilightbox/dark-skin/pause-icon-ie.png]
[blogosphere.cmsmasters.net/interior/wp-content/themes/blogosphere/img/ilightbox/dark-skin/thumb-overlay-play.png]
[blogosphere.cmsmasters.net/interior/wp-content/themes/blogosphere/img/ilightbox/dark-skin/arrow-next-vertical-icon-64.png]
[blogosphere.cmsmasters.net/interior/wp-content/themes/blogosphere/img/ilightbox/dark-skin/arrow-prev-vertical-icon-64.png]
[blogosphere.cmsmasters.net/interior/wp-content/themes/blogosphere/css/ilightbox-skins/dark-skin3601.css]
[blogosphere.cmsmasters.net/interior/wp-content/uploads/sites/3/cmsmasters_styles/blogosphere8a54.css]
[blogosphere.cmsmasters.net/interior/wp-content/themes/blogosphere/gutenberg/cmsmasters-framework/theme-style/css/frontend-style8a54.css]
[blogosphere.cmsmasters.net/interior/wp-content/themes/blogosphere/woocommerce/cmsmasters-framework/theme-style/css/plugin-style8a54.css]
[blogosphere.cmsmasters.net/interior/wp-content/themes/blogosphere/woocommerce/cmsmasters-framework/theme-style/css/plugin-adaptive8a54.css]
[blogosphere.cmsmasters.net/interior/xmlrpc0db0.html]
[blogosphere.cmsmasters.net/interior/wp-content/uploads/sites/3/2015/12/am3-1.jpg]
[blogosphere.cmsmasters.net/interior/wp-json/wp/v2/pages/8946.json]
[blogosphere.cmsmasters.net/interior/wp-json/oembed/1.0/embedcb9e.json]
[blogosphere.cmsmasters.net/interior/wp-json/oembed/1.0/embeddbb2]
[blogosphere.cmsmasters.net/interior/wp-content/uploads/sites/3/2017/09/h-3.png]
[blogosphere.cmsmasters.net/interior/about-me/index.html]
[blogosphere.cmsmasters.net/interior/wp-json/wp/v2/posts/13392.json]
[blogosphere.cmsmasters.net/interior/2017/09/01/tactics-for-avoiding-the-comparison-trap/feed/index.html]
[blogosphere.cmsmasters.net/interior/wp-json/oembed/1.0/embed57fe.json]
[blogosphere.cmsmasters.net/interior/wp-json/oembed/1.0/embed84f4]
[blogosphere.cmsmasters.net/interior/wp-content/uploads/sites/3/2017/12/h1.jpg]
[blogosphere.cmsmasters.net/wp-content/uploads/2017/11/h-5.png]
[blogosphere.cmsmasters.net/interior/wp-content/uploads/sites/3/2017/12/h2-300x300.jpg]
[blogosphere.cmsmasters.net/interior/wp-content/uploads/sites/3/2017/09/blog3-2t-75x75.jpg]
[blogosphere.cmsmasters.net/interior/category/individuality/index.html]
[blogosphere.cmsmasters.net/interior/wp-content/uploads/sites/3/2017/09/blog3-3t-75x75.jpg]
[blogosphere.cmsmasters.net/interior/wp-content/uploads/sites/3/2017/09/blog3-4t-75x75.jpg]
[blogosphere.cmsmasters.net/interior/wp-content/uploads/sites/3/2017/09/project3-1t.jpg]
[blogosphere.cmsmasters.net/interior/wp-content/uploads/sites/3/2017/09/project3-7t.jpg]
[blogosphere.cmsmasters.net/interior/wp-content/uploads/sites/3/2017/09/project3-8t.jpg]
[blogosphere.cmsmasters.net/interior/wp-content/uploads/sites/3/2017/09/project3-3t.jpg]
[blogosphere.cmsmasters.net/interior/project/minimalist-living-room/index.html]
[blogosphere.cmsmasters.net/interior/wp-content/uploads/sites/3/2017/09/project3-4t.jpg]
[blogosphere.cmsmasters.net/interior/wp-content/uploads/sites/3/2017/09/project3-2t.jpg]
[blogosphere.cmsmasters.net/interior/project/living-room-furniture/index.html]
[blogosphere.cmsmasters.net/interior/project/cozy-home-library/index.html]
[blogosphere.cmsmasters.net/interior/2017/09/01/tactics-for-avoiding-the-comparison-trap/index.html]
[blogosphere.cmsmasters.net/interior/project/kitchen-under-stairs/index.html]
[blogosphere.cmsmasters.net/interior/project/office-interior/index.html]
[blogosphere.cmsmasters.net/interior/project/the-glass-house/index.html]
[blogosphere.cmsmasters.net/interior/wp-json/wp/v2/posts/10736.json]
[blogosphere.cmsmasters.net/interior/2017/09/22/world-of-design-10-ways-to-live-in-harmony-with-housemates/feed/index.html]
[blogosphere.cmsmasters.net/interior/wp-json/oembed/1.0/embede46e.json]
[blogosphere.cmsmasters.net/interior/wp-json/oembed/1.0/embed123a]
[blogosphere.cmsmasters.net/interior/wp-content/uploads/sites/3/2017/09/blog3-7t-150x150.jpg]
[blogosphere.cmsmasters.net/interior/wp-content/uploads/sites/3/2017/09/blog3-5t-150x150.jpg]
[blogosphere.cmsmasters.net/interior/2017/09/22/world-of-design-10-ways-to-live-in-harmony-with-housemates/index.html]
[blogosphere.cmsmasters.net/interior/wp-json/wp/v2/posts/106.json]
[blogosphere.cmsmasters.net/interior/2017/09/08/colour-why-you-should-paint-your-walls-in-more-than-one-hue/feed/index.html]
[blogosphere.cmsmasters.net/interior/wp-json/oembed/1.0/embedd3e2.json]
[blogosphere.cmsmasters.net/interior/wp-json/oembed/1.0/embed6647]
[blogosphere.cmsmasters.net/interior/wp-content/uploads/sites/3/2017/09/blog3-12-860x556.jpg]
[blogosphere.cmsmasters.net/interior/wp-content/uploads/sites/3/2017/09/blog3-1t-150x150.jpg]
[blogosphere.cmsmasters.net/interior/wp-content/uploads/sites/3/2017/09/blog3-11t-150x150.jpg]
[blogosphere.cmsmasters.net/interior/2017/09/08/colour-why-you-should-paint-your-walls-in-more-than-one-hue/index.html]
[blogosphere.cmsmasters.net/interior/2017/09/05/kitchen-ideas-11-neat-ways-to-store-your-small-appliances/index.html]
[blogosphere.cmsmasters.net/interior/wp-json/wp/v2/posts/13397.json]
[blogosphere.cmsmasters.net/interior/2017/09/03/how-to-be-more-creative/feed/index.html]
[blogosphere.cmsmasters.net/interior/wp-json/oembed/1.0/embed1df3.json]
[blogosphere.cmsmasters.net/interior/wp-json/oembed/1.0/embede121]
[blogosphere.cmsmasters.net/interior/wp-content/uploads/sites/3/2017/09/blog3-1t.jpg]
[blogosphere.cmsmasters.net/interior/2017/09/03/how-to-be-more-creative/index.html]
[blogosphere.cmsmasters.net/interior/wp-json/wp/v2/posts/13402.json]
[blogosphere.cmsmasters.net/interior/2017/09/04/husky-rescue-new-light-of-tomorrow/feed/index.html]
[blogosphere.cmsmasters.net/interior/wp-json/oembed/1.0/embed173a.json]
[blogosphere.cmsmasters.net/interior/wp-json/oembed/1.0/embed0442]
[blogosphere.cmsmasters.net/interior/wp-includes/js/mediaelement/mediaelementplayer-legacy.min08e1.css]
[blogosphere.cmsmasters.net/interior/wp-includes/js/mediaelement/wp-mediaelement.min1eb7.css]
[blogosphere.cmsmasters.net/interior/wp-includes/js/mediaelement/mediaelement-and-player.min08e1.js]
[blogosphere.cmsmasters.net/interior/wp-includes/js/mediaelement/mediaelement-migrate.min1eb7.js]
[blogosphere.cmsmasters.net/interior/wp-includes/js/mediaelement/wp-mediaelement.min1eb7.js]
[blogosphere.cmsmasters.net/interior/2017/09/04/husky-rescue-new-light-of-tomorrow/index.html]
[blogosphere.cmsmasters.net/interior/standard-blog/feed/index.html]
[blogosphere.cmsmasters.net/interior/wp-json/wp/v2/pages/882.json]
[blogosphere.cmsmasters.net/interior/wp-json/oembed/1.0/embed4991.json]
[blogosphere.cmsmasters.net/interior/wp-json/oembed/1.0/embed8885]
[blogosphere.cmsmasters.net/interior/wp-content/uploads/sites/3/2017/09/blog3-2.jpg]
[blogosphere.cmsmasters.net/interior/wp-content/uploads/sites/3/2017/09/blog3-2-1160x750.jpg]
[blogosphere.cmsmasters.net/interior/wp-content/uploads/sites/3/2017/09/blog3-3.jpg]
[blogosphere.cmsmasters.net/interior/wp-content/uploads/sites/3/2017/09/blog3-3-1160x750.jpg]
[blogosphere.cmsmasters.net/interior/wp-content/uploads/sites/3/2017/09/blog3-4.jpg]
[blogosphere.cmsmasters.net/interior/wp-content/uploads/sites/3/2017/09/blog3-4-1160x750.jpg]
[blogosphere.cmsmasters.net/interior/wp-content/uploads/sites/3/2017/09/blog3-5-1160x750.jpg]
[blogosphere.cmsmasters.net/interior/wp-content/uploads/sites/3/2017/09/blog3-6-1160x750.jpg]
[blogosphere.cmsmasters.net/interior/standard-blog/index.html]
[blogosphere.cmsmasters.net/interior/wp-json/wp/v2/pages/887.json]
[blogosphere.cmsmasters.net/interior/masonry-blog/feed/index.html]
[blogosphere.cmsmasters.net/interior/wp-json/oembed/1.0/embeda411.json]
[blogosphere.cmsmasters.net/interior/wp-json/oembed/1.0/embedbc66]
[blogosphere.cmsmasters.net/interior/wp-content/uploads/sites/3/2017/09/blog3-2-860x556.jpg]
[blogosphere.cmsmasters.net/interior/wp-content/uploads/sites/3/2017/09/blog3-11.jpg]
[blogosphere.cmsmasters.net/interior/wp-content/uploads/sites/3/2017/09/blog3-11-860x556.jpg]
[blogosphere.cmsmasters.net/interior/wp-content/uploads/sites/3/2017/09/blog3-4-860x556.jpg]
[blogosphere.cmsmasters.net/interior/wp-content/uploads/sites/3/2017/09/blog3-1.jpg]
[blogosphere.cmsmasters.net/interior/wp-content/uploads/sites/3/2017/09/blog3-1-860x556.jpg]
[blogosphere.cmsmasters.net/interior/masonry-blog/index.html]
[blogosphere.cmsmasters.net/interior/category/popular/index.html]
[blogosphere.cmsmasters.net/interior/masonry-blog/page/2/index.html]
[blogosphere.cmsmasters.net/interior/wp-json/wp/v2/pages/889.json]
[blogosphere.cmsmasters.net/interior/timeline-blog/feed/index.html]
[blogosphere.cmsmasters.net/interior/wp-json/oembed/1.0/embed9305.json]
[blogosphere.cmsmasters.net/interior/wp-json/oembed/1.0/embed2353]
[blogosphere.cmsmasters.net/interior/wp-content/uploads/sites/3/2017/09/blog3-12-860x635.jpg]
[blogosphere.cmsmasters.net/interior/wp-content/uploads/sites/3/2017/09/blog3-5-860x635.jpg]
[blogosphere.cmsmasters.net/interior/wp-content/uploads/sites/3/2017/09/blog3-10.jpg]
[blogosphere.cmsmasters.net/interior/wp-content/uploads/sites/3/2017/09/blog3-10-860x556.jpg]
[blogosphere.cmsmasters.net/interior/wp-content/uploads/sites/3/2017/09/blog3-9.jpg]
[blogosphere.cmsmasters.net/interior/wp-content/uploads/sites/3/2017/09/blog3-9-860x556.jpg]
[blogosphere.cmsmasters.net/interior/timeline-blog/index.html]
[blogosphere.cmsmasters.net/interior/wp-json/wp/v2/pages/13382.json]
[blogosphere.cmsmasters.net/interior/wp-json/oembed/1.0/embed8758.json]
[blogosphere.cmsmasters.net/interior/wp-json/oembed/1.0/embedf2c2]
[blogosphere.cmsmasters.net/interior/wp-content/uploads/sites/3/2017/09/blog3-2t-580x580.jpg]
[blogosphere.cmsmasters.net/interior/wp-content/uploads/sites/3/2017/09/blog3-3t-580x580.jpg]
[blogosphere.cmsmasters.net/interior/wp-content/uploads/sites/3/2017/09/blog3-4t-580x580.jpg]
[blogosphere.cmsmasters.net/interior/wp-content/uploads/sites/3/2017/09/blog3-5t-580x580.jpg]
[blogosphere.cmsmasters.net/interior/wp-content/uploads/sites/3/2017/09/blog3-6t-580x580.jpg]
[blogosphere.cmsmasters.net/interior/wp-content/uploads/sites/3/2017/09/blog3-7t-580x580.jpg]
[blogosphere.cmsmasters.net/interior/puzzle-blog/index.html]
[blogosphere.cmsmasters.net/interior/wp-json/wp/v2/pages/13895.json]
[blogosphere.cmsmasters.net/interior/wp-json/oembed/1.0/embedd62f.json]
[blogosphere.cmsmasters.net/interior/wp-json/oembed/1.0/embed149a]
[blogosphere.cmsmasters.net/interior/side-blog/index.html]
[blogosphere.cmsmasters.net/interior/wp-json/wp/v2/pages/74.json]
[blogosphere.cmsmasters.net/interior/side-blog/page/2/index.html]
[blogosphere.cmsmasters.net/interior/grid-blog/feed/index.html]
[blogosphere.cmsmasters.net/interior/wp-json/oembed/1.0/embedfd3b.json]
[blogosphere.cmsmasters.net/interior/wp-json/oembed/1.0/embedd6eb]
[blogosphere.cmsmasters.net/interior/wp-content/uploads/sites/3/2017/09/blog3-12-580x469.jpg]
[blogosphere.cmsmasters.net/interior/wp-content/uploads/sites/3/2017/09/blog3-5-580x469.jpg]
[blogosphere.cmsmasters.net/interior/grid-blog/index.html]
[blogosphere.cmsmasters.net/interior/wp-json/wp/v2/categories/46.json]
[blogosphere.cmsmasters.net/interior/category/interior/feed/index.html]
[blogosphere.cmsmasters.net/interior/wp-content/uploads/sites/3/2017/09/blog3-5t-350x350.jpg]
[blogosphere.cmsmasters.net/interior/wp-content/uploads/sites/3/2017/09/blog3-7t-350x350.jpg]
[blogosphere.cmsmasters.net/interior/wp-content/uploads/sites/3/2017/09/blog3-10t-350x350.jpg]
[blogosphere.cmsmasters.net/interior/category/interior/index.html]
[blogosphere.cmsmasters.net/interior/wp-content/uploads/sites/3/2015/05/shop-4.jpg]
[blogosphere.cmsmasters.net/interior/shop/feed/index.html]
[blogosphere.cmsmasters.net/interior/wp-content/uploads/sites/3/2015/05/shop-2.jpg]
[blogosphere.cmsmasters.net/interior/product-category/technique/index.html]
[blogosphere.cmsmasters.net/interior/product-category/shop/index.html]
[blogosphere.cmsmasters.net/interior/product/camera/index.html]
[blogosphere.cmsmasters.net/interior/wp-content/uploads/sites/3/2015/05/shop-3.jpg]
[blogosphere.cmsmasters.net/interior/wp-content/uploads/sites/3/2015/05/shop-1.jpg]
[blogosphere.cmsmasters.net/interior/shop/indexc6bb.html]
[blogosphere.cmsmasters.net/interior/product-category/flowers/index.html]
[blogosphere.cmsmasters.net/interior/cart/index.html]
[blogosphere.cmsmasters.net/interior/wp-content/uploads/sites/3/2015/05/shop-5.jpg]
[blogosphere.cmsmasters.net/interior/product-category/interior/index.html]
[blogosphere.cmsmasters.net/interior/wp-content/uploads/sites/3/2015/05/shop-6.jpg]
[blogosphere.cmsmasters.net/interior/shop/index.html]
[blogosphere.cmsmasters.net/interior/product/indoor-flower/index.html]
[blogosphere.cmsmasters.net/interior/shop/indexc727.html]
[blogosphere.cmsmasters.net/interior/product-category/accessories/index.html]
[blogosphere.cmsmasters.net/interior/product/modern-glasses/index.html]
[blogosphere.cmsmasters.net/interior/shop/indexf147.html]
[blogosphere.cmsmasters.net/interior/wp-json/wp/v2/pages/11986.json]
[blogosphere.cmsmasters.net/interior/product/spherical-vase/index.html]
[blogosphere.cmsmasters.net/interior/shop/index2b5c.html]
[blogosphere.cmsmasters.net/interior/product/style-set/index.html]
[blogosphere.cmsmasters.net/interior/wp-json/oembed/1.0/embed9cb3.json]
[blogosphere.cmsmasters.net/interior/shop/index804b.html]
[blogosphere.cmsmasters.net/interior/product-category/uncategorized/index.html]
[blogosphere.cmsmasters.net/interior/product/watch/index.html]
[blogosphere.cmsmasters.net/interior/wp-json/oembed/1.0/embed8272]
[blogosphere.cmsmasters.net/interior/wp-content/uploads/sites/3/2016/11/blog-2.jpg]
[blogosphere.cmsmasters.net/interior/typography-2/index.html]
[blogosphere.cmsmasters.net/interior/wp-json/wp/v2/pages/11850.json]
[blogosphere.cmsmasters.net/interior/wp-json/oembed/1.0/embed81e7.json]
[blogosphere.cmsmasters.net/interior/wp-json/oembed/1.0/embed5f35]
[blogosphere.cmsmasters.net/interior/contacts/index.html]
[blogosphere.cmsmasters.net/interior/2017/09/28/tour-this-6-bedroom-boho-paradise/feed/index.html]
[blogosphere.cmsmasters.net/interior/wp-json/wp/v2/posts/285.json]
[blogosphere.cmsmasters.net/interior/wp-json/oembed/1.0/embed94f1.json]
[blogosphere.cmsmasters.net/interior/wp-json/oembed/1.0/embed2ef9]
[blogosphere.cmsmasters.net/interior/wp-content/uploads/sites/3/2017/09/blog3-3t-150x150.jpg]
[blogosphere.cmsmasters.net/interior/2017/09/28/tour-this-6-bedroom-boho-paradise/index.html]
[blogosphere.cmsmasters.net/interior/wp-json/wp/v2/categories/44.json]
[blogosphere.cmsmasters.net/interior/category/architecture/feed/index.html]
[blogosphere.cmsmasters.net/interior/wp-content/uploads/sites/3/2017/09/blog3-2t-350x350.jpg]
[blogosphere.cmsmasters.net/interior/category/architecture/index.html]
[blogosphere.cmsmasters.net/interior/2017/09/26/just-enough-boho-thanks-to-the-citizenry/feed/index.html]
[blogosphere.cmsmasters.net/interior/wp-json/wp/v2/posts/103.json]
[blogosphere.cmsmasters.net/interior/wp-json/oembed/1.0/embedbaaf.json]
[blogosphere.cmsmasters.net/interior/wp-json/oembed/1.0/embed9561]
[blogosphere.cmsmasters.net/interior/wp-content/uploads/sites/3/2017/09/blog3-3-860x556.jpg]
[blogosphere.cmsmasters.net/interior/wp-content/uploads/sites/3/2017/09/blog3-4t-150x150.jpg]
[blogosphere.cmsmasters.net/interior/wp-content/uploads/sites/3/2017/09/blog3-2t-150x150.jpg]
[blogosphere.cmsmasters.net/interior/2017/09/26/just-enough-boho-thanks-to-the-citizenry/index.html]
[blogosphere.cmsmasters.net/interior/wp-json/wp/v2/categories/18.json]
[blogosphere.cmsmasters.net/interior/category/features/feed/index.html]
[blogosphere.cmsmasters.net/interior/wp-content/uploads/sites/3/2017/09/blog3-3t-350x350.jpg]
[blogosphere.cmsmasters.net/interior/category/features/index.html]
[blogosphere.cmsmasters.net/interior/wp-json/wp/v2/posts/13095.json]
[blogosphere.cmsmasters.net/interior/2017/09/24/room-refresh-no-remodeling-required/feed/index.html]
[blogosphere.cmsmasters.net/interior/wp-json/oembed/1.0/embed6e73.json]
[blogosphere.cmsmasters.net/interior/wp-json/oembed/1.0/embedb8e5]
[blogosphere.cmsmasters.net/interior/2017/09/24/room-refresh-no-remodeling-required/index.html]
[blogosphere.cmsmasters.net/interior/wp-json/wp/v2/categories/45.json]
[blogosphere.cmsmasters.net/interior/category/ideas/feed/index.html]
[blogosphere.cmsmasters.net/interior/wp-content/uploads/sites/3/2017/09/blog3-4t-350x350.jpg]
[blogosphere.cmsmasters.net/interior/category/ideas/index.html]
[blogosphere.cmsmasters.net/interior/wp-json/wp/v2/posts/2938.json]
[blogosphere.cmsmasters.net/interior/2017/09/24/my-small-living-room-makeover-for-west-elm/feed/index.html]
[blogosphere.cmsmasters.net/interior/wp-json/oembed/1.0/embed309e.json]
[blogosphere.cmsmasters.net/interior/wp-json/oembed/1.0/embed72cf]
[blogosphere.cmsmasters.net/interior/wp-content/uploads/sites/3/2017/09/blog3-6t-150x150.jpg]
[blogosphere.cmsmasters.net/interior/2017/09/24/my-small-living-room-makeover-for-west-elm/index.html]
[blogosphere.cmsmasters.net/interior/wp-json/wp/v2/users/2.json]
[blogosphere.cmsmasters.net/interior/2017/09/24/my-small-living-room-makeover-for-west-elm/index21b4.html]
[blogosphere.cmsmasters.net/interior/2017/09/24/my-small-living-room-makeover-for-west-elm/index5b55.html]
[blogosphere.cmsmasters.net/interior/2017/09/24/my-small-living-room-makeover-for-west-elm/index16e2.html]
[blogosphere.cmsmasters.net/interior/wp-content/uploads/sites/3/2017/09/project3-7t-350x350.jpg]
[blogosphere.cmsmasters.net/interior/wp-content/uploads/sites/3/2017/09/blog3-6t-350x350.jpg]
[blogosphere.cmsmasters.net/interior/2017/09/24/my-small-living-room-makeover-for-west-elm/index9f02.html]
[blogosphere.cmsmasters.net/interior/2017/09/24/my-small-living-room-makeover-for-west-elm/index802f.html]
[blogosphere.cmsmasters.net/interior/author/cmsmasters/feed/index.html]
[blogosphere.cmsmasters.net/interior/wp-content/uploads/sites/3/2017/09/project3-8t-350x350.jpg]
[blogosphere.cmsmasters.net/interior/wp-content/uploads/sites/3/2017/09/project3-1t-350x350.jpg]
[blogosphere.cmsmasters.net/interior/wp-content/uploads/sites/3/2017/09/blog3-8t-350x350.jpg]
[blogosphere.cmsmasters.net/interior/author/cmsmasters/index.html]
[blogosphere.cmsmasters.net/interior/pj-categs/projects/index.html]
[blogosphere.cmsmasters.net/interior/wp-json/wp/v2/categories/47.json]
[blogosphere.cmsmasters.net/interior/author/cmsmasters/page/2/index.html]
[blogosphere.cmsmasters.net/interior/author/cmsmasters/page/3/index.html]
[blogosphere.cmsmasters.net/interior/category/design/feed/index.html]
[blogosphere.cmsmasters.net/interior/wp-content/uploads/sites/3/2017/09/blog3-12t-350x350.jpg]
[blogosphere.cmsmasters.net/interior/category/design/index.html]
[blogosphere.cmsmasters.net/interior/wp-json/wp/v2/posts/87.json]
[blogosphere.cmsmasters.net/interior/2017/09/20/inspired-simplicity-in-this-fashion-designers-home/feed/index.html]
[blogosphere.cmsmasters.net/interior/wp-json/oembed/1.0/embedac55.json]
[blogosphere.cmsmasters.net/interior/wp-json/oembed/1.0/embeda1c8]
[blogosphere.cmsmasters.net/interior/wp-content/uploads/sites/3/2017/09/blog3-8t-150x150.jpg]
[blogosphere.cmsmasters.net/interior/2017/09/20/inspired-simplicity-in-this-fashion-designers-home/index.html]
[blogosphere.cmsmasters.net/interior/wp-json/wp/v2/posts/13101.json]
[blogosphere.cmsmasters.net/interior/2017/09/18/interior-design-best-design-ideas-for-split-level-homes/feed/index.html]
[blogosphere.cmsmasters.net/interior/wp-json/oembed/1.0/embedc1b6.json]
[blogosphere.cmsmasters.net/interior/wp-json/oembed/1.0/embeda47d]
[blogosphere.cmsmasters.net/interior/wp-content/uploads/sites/3/2017/09/blog3-9t-150x150.jpg]
[blogosphere.cmsmasters.net/interior/2017/09/18/interior-design-best-design-ideas-for-split-level-homes/index.html]
[blogosphere.cmsmasters.net/interior/page/2/index.html]
[blogosphere.cmsmasters.net/interior/page/3/index.html]
[blogosphere.cmsmasters.net/interior/2017/09/10/styling-10-easy-ideas-for-improving-a-period-fireplace/feed/index.html]
[blogosphere.cmsmasters.net/interior/wp-json/wp/v2/posts/8036.json]
[blogosphere.cmsmasters.net/interior/wp-json/oembed/1.0/embed01ee.json]
[blogosphere.cmsmasters.net/interior/wp-json/oembed/1.0/embedb600]
[blogosphere.cmsmasters.net/interior/wp-content/uploads/sites/3/2017/09/blog3-12t-150x150.jpg]
[blogosphere.cmsmasters.net/interior/wp-content/uploads/sites/3/2017/09/blog3-10t-150x150.jpg]
[blogosphere.cmsmasters.net/interior/2017/09/10/styling-10-easy-ideas-for-improving-a-period-fireplace/index.html]
[blogosphere.cmsmasters.net/interior/wp-json/wp/v2/categories/48.json]
[blogosphere.cmsmasters.net/interior/category/style/feed/index.html]
[blogosphere.cmsmasters.net/interior/wp-content/uploads/sites/3/2017/09/blog3-11t-350x350.jpg]
[blogosphere.cmsmasters.net/interior/category/style/index.html]
[blogosphere.cmsmasters.net/interior/wp-json/wp/v2/posts/13099.json]
[blogosphere.cmsmasters.net/interior/2017/09/13/fun-houzz-10-reasons-to-ditch-perfectionism-in-your-home/feed/index.html]
[blogosphere.cmsmasters.net/interior/wp-json/oembed/1.0/embed30bf.json]
[blogosphere.cmsmasters.net/interior/wp-json/oembed/1.0/embed7e78]
[blogosphere.cmsmasters.net/interior/2017/09/13/fun-houzz-10-reasons-to-ditch-perfectionism-in-your-home/index.html]
[blogosphere.cmsmasters.net/interior/wp-json/wp/v2/posts/13097.json]
[blogosphere.cmsmasters.net/interior/2017/09/15/7-wonderful-places-you-will-never-get-to-visit/feed/index.html]
[blogosphere.cmsmasters.net/interior/wp-json/oembed/1.0/embed3051.json]
[blogosphere.cmsmasters.net/interior/wp-json/oembed/1.0/embedc027]
[blogosphere.cmsmasters.net/interior/2017/09/15/7-wonderful-places-you-will-never-get-to-visit/index.html]
[blogosphere.cmsmasters.net/interior/wp-json/wp/v2/categories/21.json]
[blogosphere.cmsmasters.net/interior/category/lifestyle/feed/index.html]
[blogosphere.cmsmasters.net/interior/wp-content/uploads/sites/3/2017/09/blog3-9t-350x350.jpg]
[blogosphere.cmsmasters.net/interior/category/lifestyle/index.html]
[blogosphere.cmsmasters.net/interior/wp-admin/admin-ajax.html]
[blogosphere.cmsmasters.net/interior/wp-content/plugins/mailpoet/assets/dist/css/mailpoet-public.a09bafc31eb7.css]
[blogosphere.cmsmasters.net/interior/wp-content/plugins/revslider/public/assets/fonts/revicons/revicons90c6.eot]
[blogosphere.cmsmasters.net/interior/wp-content/plugins/revslider/public/assets/fonts/revicons/revicons90c6.woff]
[blogosphere.cmsmasters.net/interior/wp-content/plugins/revslider/public/assets/fonts/revicons/revicons90c6.ttf]
[blogosphere.cmsmasters.net/interior/wp-content/plugins/revslider/public/assets/assets/gridtile.png]
[blogosphere.cmsmasters.net/interior/wp-content/plugins/revslider/public/assets/assets/gridtile_white.png]
[blogosphere.cmsmasters.net/interior/wp-content/plugins/revslider/public/assets/assets/gridtile_3x3.png]
[blogosphere.cmsmasters.net/interior/wp-content/plugins/revslider/public/assets/assets/gridtile_3x3_white.png]
[blogosphere.cmsmasters.net/interior/wp-content/plugins/revslider/public/assets/assets/coloredbg.png]
[blogosphere.cmsmasters.net/interior/wp-content/plugins/revslider/public/assets/assets/loader.gif]
[blogosphere.cmsmasters.net/interior/wp-content/plugins/revslider/public/assets/css/rs63883.css]
[blogosphere.cmsmasters.net/interior/wp-content/themes/blogosphere/css/fonts/fontellob975.svg]
[blogosphere.cmsmasters.net/interior/wp-content/themes/blogosphere/theme-vars/theme-style/css/fonts/fontello-custombe63.svg]
[blogosphere.cmsmasters.net/interior/wp-content/themes/blogosphere/img/ilightbox/closedhand.html]
[blogosphere.cmsmasters.net/interior/index5b3a.html]
[blogosphere.cmsmasters.net/interior/index33bb.html]
[blogosphere.cmsmasters.net/interior/wp-json/wp/v2/categories/20.json]
[blogosphere.cmsmasters.net/interior/category/individuality/index.html]
[blogosphere.cmsmasters.net/interior/category/individuality/feed/index.html]
[blogosphere.cmsmasters.net/interior/project/minimalist-living-room/feed/index.html]
[blogosphere.cmsmasters.net/interior/wp-json/wp/v2/project/613.json]
[blogosphere.cmsmasters.net/interior/wp-json/oembed/1.0/embedc16b.json]
[blogosphere.cmsmasters.net/interior/wp-json/oembed/1.0/embed9b79]
[blogosphere.cmsmasters.net/interior/wp-content/uploads/sites/3/2017/09/project3-1.jpg]
[blogosphere.cmsmasters.net/interior/wp-content/uploads/sites/3/2017/09/project3-1-1160x648.jpg]
[blogosphere.cmsmasters.net/interior/wp-content/uploads/sites/3/2017/09/project3-5t-150x150.jpg]
[blogosphere.cmsmasters.net/interior/wp-content/uploads/sites/3/2017/09/project3-8t-150x150.jpg]
[blogosphere.cmsmasters.net/interior/wp-content/uploads/sites/3/2017/09/project3-5t.jpg]
[blogosphere.cmsmasters.net/interior/project/minimalist-living-room/index.html]
[blogosphere.cmsmasters.net/interior/wp-json/wp/v2/project/619.json]
[blogosphere.cmsmasters.net/interior/project/cozy-home-library/feed/index.html]
[blogosphere.cmsmasters.net/interior/project/living-room-large-window/index.html]
[blogosphere.cmsmasters.net/interior/wp-json/oembed/1.0/embed2787.json]
[blogosphere.cmsmasters.net/interior/wp-json/oembed/1.0/embed2bb0]
[blogosphere.cmsmasters.net/interior/wp-content/uploads/sites/3/2017/09/project3-7.jpg]
[blogosphere.cmsmasters.net/interior/wp-content/uploads/sites/3/2017/09/project3-7-1160x648.jpg]
[blogosphere.cmsmasters.net/interior/project/cozy-home-library/index.html]
[blogosphere.cmsmasters.net/interior/wp-json/wp/v2/project/913.json]
[blogosphere.cmsmasters.net/interior/project/living-room-furniture/feed/index.html]
[blogosphere.cmsmasters.net/interior/wp-json/oembed/1.0/embeddbf1.json]
[blogosphere.cmsmasters.net/interior/wp-json/oembed/1.0/embed2ef6]
[blogosphere.cmsmasters.net/interior/wp-content/uploads/sites/3/2017/09/project3-8.jpg]
[blogosphere.cmsmasters.net/interior/wp-content/uploads/sites/3/2017/09/project3-8-1160x648.jpg]
[blogosphere.cmsmasters.net/interior/wp-content/uploads/sites/3/2017/09/project3-1t-150x150.jpg]
[blogosphere.cmsmasters.net/interior/wp-content/uploads/sites/3/2017/09/project3-7t-150x150.jpg]
[blogosphere.cmsmasters.net/interior/project/living-room-furniture/index.html]
[blogosphere.cmsmasters.net/interior/wp-json/wp/v2/project/611.json]
[blogosphere.cmsmasters.net/interior/project/kitchen-under-stairs/feed/index.html]
[blogosphere.cmsmasters.net/interior/wp-json/oembed/1.0/embedc288.json]
[blogosphere.cmsmasters.net/interior/wp-json/oembed/1.0/embed7a6d]
[blogosphere.cmsmasters.net/interior/wp-content/uploads/sites/3/2017/09/project3-3.jpg]
[blogosphere.cmsmasters.net/interior/wp-content/uploads/sites/3/2017/09/project3-3-1160x648.jpg]
[blogosphere.cmsmasters.net/interior/wp-content/uploads/sites/3/2017/09/project3-6t-150x150.jpg]
[blogosphere.cmsmasters.net/interior/project/kitchen-under-stairs/index.html]
[blogosphere.cmsmasters.net/interior/wp-json/wp/v2/project/1155.json]
[blogosphere.cmsmasters.net/interior/project/office-interior/feed/index.html]
[blogosphere.cmsmasters.net/interior/project/perfect-reading-room/index.html]
[blogosphere.cmsmasters.net/interior/wp-json/oembed/1.0/embed3dfa.json]
[blogosphere.cmsmasters.net/interior/wp-json/oembed/1.0/embedf4cc]
[blogosphere.cmsmasters.net/interior/wp-content/uploads/sites/3/2017/09/project3-4.jpg]
[blogosphere.cmsmasters.net/interior/wp-content/uploads/sites/3/2017/09/project3-4-1160x648.jpg]
[blogosphere.cmsmasters.net/interior/wp-content/uploads/sites/3/2017/09/project3-2t-150x150.jpg]
[blogosphere.cmsmasters.net/interior/project/office-interior/index.html]
[blogosphere.cmsmasters.net/interior/wp-json/wp/v2/project/9410.json]
[blogosphere.cmsmasters.net/interior/project/the-glass-house/feed/index.html]
[blogosphere.cmsmasters.net/interior/wp-json/oembed/1.0/embed0c5a.json]
[blogosphere.cmsmasters.net/interior/wp-json/oembed/1.0/embed27f6]
[blogosphere.cmsmasters.net/interior/wp-content/uploads/sites/3/2017/09/project3-2.jpg]
[blogosphere.cmsmasters.net/interior/wp-content/uploads/sites/3/2017/09/project3-2-1160x648.jpg]
[blogosphere.cmsmasters.net/interior/wp-content/uploads/sites/3/2017/09/project3-4t-150x150.jpg]
[blogosphere.cmsmasters.net/interior/project/the-glass-house/index.html]
[blogosphere.cmsmasters.net/interior/index0e6a.html]
[blogosphere.cmsmasters.net/interior/index153d.html]
[blogosphere.cmsmasters.net/interior/wp-json/wp/v2/posts/85.json]
[blogosphere.cmsmasters.net/interior/2017/09/05/kitchen-ideas-11-neat-ways-to-store-your-small-appliances/feed/index.html]
[blogosphere.cmsmasters.net/interior/wp-json/oembed/1.0/embed2676.json]
[blogosphere.cmsmasters.net/interior/wp-json/oembed/1.0/embed14bb]
[blogosphere.cmsmasters.net/interior/2017/09/05/kitchen-ideas-11-neat-ways-to-store-your-small-appliances/index.html]
[blogosphere.cmsmasters.net/interior/index8d71.html]
[blogosphere.cmsmasters.net/interior/indexa571.html]
[blogosphere.cmsmasters.net/interior/wp-includes/js/mediaelement/mediaelementplayer-legacy.min08e1.css]
[blogosphere.cmsmasters.net/interior/wp-includes/js/mediaelement/wp-mediaelement.min1eb7.css]
[blogosphere.cmsmasters.net/interior/index8381.html]
[blogosphere.cmsmasters.net/interior/index8eb0.html]
[blogosphere.cmsmasters.net/interior/wp-json/wp/v2/categories/49.json]
[blogosphere.cmsmasters.net/interior/2017/09/05/kitchen-ideas-11-neat-ways-to-store-your-small-appliances/index0e22.html]
[blogosphere.cmsmasters.net/interior/category/popular/feed/index.html]
[blogosphere.cmsmasters.net/interior/wp-content/uploads/sites/3/2017/09/blog3-1t-350x350.jpg]
[blogosphere.cmsmasters.net/interior/category/popular/index.html]
[blogosphere.cmsmasters.net/interior/masonry-blog/page/2/index.html]
[blogosphere.cmsmasters.net/interior/indexf45d.html]
[blogosphere.cmsmasters.net/interior/index41bd.html]
[blogosphere.cmsmasters.net/interior/index6470.html]
[blogosphere.cmsmasters.net/interior/side-blog/page/2/index.html]
[blogosphere.cmsmasters.net/interior/index49a5.html]
[blogosphere.cmsmasters.net/interior/wp-json/wp/v2/product_cat/35.json]
[blogosphere.cmsmasters.net/interior/product-category/shop/index.html]
[blogosphere.cmsmasters.net/interior/product-category/shop/feed/index.html]
[blogosphere.cmsmasters.net/interior/product-category/shop/indexc6bb.html]
[blogosphere.cmsmasters.net/interior/product-category/shop/indexc727.html]
[blogosphere.cmsmasters.net/interior/product-category/shop/indexf147.html]
[blogosphere.cmsmasters.net/interior/wp-json/wp/v2/product_cat/36.json]
[blogosphere.cmsmasters.net/interior/product-category/shop/index2b5c.html]
[blogosphere.cmsmasters.net/interior/product-category/shop/index804b.html]
[blogosphere.cmsmasters.net/interior/product-category/technique/index.html]
[blogosphere.cmsmasters.net/interior/product-category/technique/feed/index.html]
[blogosphere.cmsmasters.net/interior/product-category/technique/indexc6bb.html]
[blogosphere.cmsmasters.net/interior/wp-json/wp/v2/product/1665.json]
[blogosphere.cmsmasters.net/interior/product/camera/feed/index.html]
[blogosphere.cmsmasters.net/interior/wp-json/oembed/1.0/embed66b8.json]
[blogosphere.cmsmasters.net/interior/wp-json/oembed/1.0/embed66d9]
[blogosphere.cmsmasters.net/interior/wp-content/uploads/sites/3/2015/05/shop-4-2.jpg]
[blogosphere.cmsmasters.net/interior/wp-content/uploads/sites/3/2015/05/shop-4-2-150x150.jpg]
[blogosphere.cmsmasters.net/interior/wp-content/plugins/woocommerce/assets/js/frontend/single-product.min823d.js]
[blogosphere.cmsmasters.net/interior/product/camera/index.html]
[blogosphere.cmsmasters.net/interior/wp-content/plugins/woocommerce/packages/woocommerce-blocks/build/cart-frontend0461.js]
[blogosphere.cmsmasters.net/interior/product/camera/index2b5c.html]
[blogosphere.cmsmasters.net/interior/product/camera/index804b.html]
[blogosphere.cmsmasters.net/interior/wp-includes/js/dist/vendor/lodash.minf492.js]
[blogosphere.cmsmasters.net/interior/wp-includes/js/dist/vendor/react.minbc7c.js]
[blogosphere.cmsmasters.net/interior/wp-includes/js/dist/vendor/wp-polyfill.min2c7c.js]
[blogosphere.cmsmasters.net/interior/product/camera/indexf147.html]
[blogosphere.cmsmasters.net/interior/wp-includes/js/dist/vendor/regenerator-runtime.min3937.js]
[blogosphere.cmsmasters.net/interior/wp-content/plugins/woocommerce/packages/woocommerce-blocks/build/blocks-checkout2588.js]
[blogosphere.cmsmasters.net/interior/wp-content/plugins/woocommerce/packages/woocommerce-blocks/build/wc-blocks-registrya902.js]
[blogosphere.cmsmasters.net/interior/wp-includes/js/dist/deprecated.min7e39.js]
[blogosphere.cmsmasters.net/interior/wp-includes/js/dist/hooks.mincbb5.js]
[blogosphere.cmsmasters.net/interior/wp-includes/js/dist/element.min6838.js]
[blogosphere.cmsmasters.net/interior/wp-includes/js/dist/vendor/react-dom.minbc7c.js]
[blogosphere.cmsmasters.net/interior/wp-includes/js/dist/escape-html.min7a51.js]
[blogosphere.cmsmasters.net/interior/wp-content/plugins/woocommerce/packages/woocommerce-blocks/build/wc-settingse972.js]
[blogosphere.cmsmasters.net/interior/wp-includes/js/dist/i18n.min771a.js]
[blogosphere.cmsmasters.net/interior/wp-includes/js/dist/api-fetch.minc92a.js]
[blogosphere.cmsmasters.net/interior/wp-includes/js/dist/url.min086b.js]
[blogosphere.cmsmasters.net/interior/wp-includes/js/dist/compose.min0fbb.js]
[blogosphere.cmsmasters.net/interior/wp-includes/js/dist/dom.min5bbc.js]
[blogosphere.cmsmasters.net/interior/wp-includes/js/dist/is-shallow-equal.min2076.js]
[blogosphere.cmsmasters.net/interior/wp-includes/js/dist/keycodes.min0597.js]
[blogosphere.cmsmasters.net/interior/wp-includes/js/dist/priority-queue.min5ca8.js]
[blogosphere.cmsmasters.net/interior/wp-includes/js/dist/data.mine262.js]
[blogosphere.cmsmasters.net/interior/wp-includes/js/dist/redux-routine.min45f9.js]
[blogosphere.cmsmasters.net/interior/wp-includes/js/dist/primitives.min85e8.js]
[blogosphere.cmsmasters.net/interior/wp-includes/js/dist/warning.mincfa1.js]
[blogosphere.cmsmasters.net/interior/wp-content/plugins/woocommerce/packages/woocommerce-blocks/build/wc-blocks-data740f.js]
[blogosphere.cmsmasters.net/interior/wp-includes/js/dist/data-controls.min58fd.js]
[blogosphere.cmsmasters.net/interior/wp-includes/js/dist/html-entities.min349a.js]
[blogosphere.cmsmasters.net/interior/wp-includes/js/dist/notices.mina7df.js]
[blogosphere.cmsmasters.net/interior/wp-content/plugins/woocommerce/packages/woocommerce-blocks/build/wc-blocks-middleware72cc.js]
[blogosphere.cmsmasters.net/interior/wp-content/plugins/woocommerce/packages/woocommerce-blocks/build/wc-blocks-shared-hocs751f.js]
[blogosphere.cmsmasters.net/interior/wp-content/plugins/woocommerce/packages/woocommerce-blocks/build/wc-blocks-shared-contextbce4.js]
[blogosphere.cmsmasters.net/interior/wp-content/plugins/woocommerce/packages/woocommerce-blocks/build/price-format4a75.js]
[blogosphere.cmsmasters.net/interior/wp-includes/js/dist/a11y.min416f.js]
[blogosphere.cmsmasters.net/interior/wp-includes/js/dist/dom-ready.min9aec.js]
[blogosphere.cmsmasters.net/interior/wp-includes/js/dist/autop.min5b69.js]
[blogosphere.cmsmasters.net/interior/wp-includes/js/dist/plugins.mind72e.js]
[blogosphere.cmsmasters.net/interior/wp-includes/js/dist/wordcount.mina679.js]
[blogosphere.cmsmasters.net/interior/shop/indexc6bb.html]
[blogosphere.cmsmasters.net/interior/wp-content/plugins/woocommerce/packages/woocommerce-blocks/build/checkout-frontendfdc9.js]
[blogosphere.cmsmasters.net/interior/wp-content/plugins/woocommerce/assets/css/select2823d.css]
[blogosphere.cmsmasters.net/interior/wp-includes/js/zxcvbn-async.min5152.js]
[blogosphere.cmsmasters.net/interior/wp-json/wp/v2/pages/3840.json]
[blogosphere.cmsmasters.net/interior/cart/feed/index.html]
[blogosphere.cmsmasters.net/interior/wp-json/oembed/1.0/embed81f0.json]
[blogosphere.cmsmasters.net/interior/wp-json/oembed/1.0/embed2c11]
[blogosphere.cmsmasters.net/interior/wp-content/plugins/woocommerce/assets/js/frontend/country-select.min823d.js]
[blogosphere.cmsmasters.net/interior/wp-content/plugins/woocommerce/assets/js/frontend/address-i18n.min823d.js]
[blogosphere.cmsmasters.net/interior/wp-content/plugins/woocommerce/assets/js/frontend/cart.min823d.js]
[blogosphere.cmsmasters.net/interior/wp-content/plugins/woocommerce/assets/js/selectWoo/selectWoo.full.minf988.js]
[blogosphere.cmsmasters.net/interior/wp-admin/js/password-strength-meter.min1eb7.js]
[blogosphere.cmsmasters.net/interior/wp-content/plugins/woocommerce/assets/js/frontend/password-strength-meter.min823d.js]
[blogosphere.cmsmasters.net/interior/cart/index.html]
[blogosphere.cmsmasters.net/interior/wp-json/wp/v2/product_cat/33.json]
[blogosphere.cmsmasters.net/interior/product-category/flowers/index.html]
[blogosphere.cmsmasters.net/interior/product-category/flowers/feed/index.html]
[blogosphere.cmsmasters.net/interior/product-category/interior/feed/index.html]
[blogosphere.cmsmasters.net/interior/wp-json/wp/v2/product_cat/34.json]
[blogosphere.cmsmasters.net/interior/product-category/interior/index.html]
[blogosphere.cmsmasters.net/interior/product-category/flowers/indexc727.html]
[blogosphere.cmsmasters.net/interior/product-category/interior/indexc727.html]
[blogosphere.cmsmasters.net/interior/product-category/interior/index2b5c.html]
[blogosphere.cmsmasters.net/interior/wp-json/wp/v2/product/1667.json]
[blogosphere.cmsmasters.net/interior/product/indoor-flower/feed/index.html]
[blogosphere.cmsmasters.net/interior/wp-json/oembed/1.0/embed6ec7.json]
[blogosphere.cmsmasters.net/interior/wp-json/oembed/1.0/embed9b1c]
[blogosphere.cmsmasters.net/interior/wp-content/uploads/sites/3/2015/05/shop-2-2.jpg]
[blogosphere.cmsmasters.net/interior/wp-content/uploads/sites/3/2015/05/shop-2-2-150x150.jpg]
[blogosphere.cmsmasters.net/interior/product/indoor-flower/index.html]
[blogosphere.cmsmasters.net/interior/shop/indexc727.html]
[blogosphere.cmsmasters.net/interior/product/indoor-flower/index804b.html]
[blogosphere.cmsmasters.net/interior/wp-json/wp/v2/product_cat/32.json]
[blogosphere.cmsmasters.net/interior/product-category/accessories/index.html]
[blogosphere.cmsmasters.net/interior/product/indoor-flower/indexf147.html]
[blogosphere.cmsmasters.net/interior/product-category/accessories/feed/index.html]
[blogosphere.cmsmasters.net/interior/product-category/accessories/indexf147.html]
[blogosphere.cmsmasters.net/interior/wp-json/wp/v2/product/1666.json]
[blogosphere.cmsmasters.net/interior/product-category/accessories/index804b.html]
[blogosphere.cmsmasters.net/interior/product/modern-glasses/feed/index.html]
[blogosphere.cmsmasters.net/interior/wp-json/oembed/1.0/embed2b84.json]
[blogosphere.cmsmasters.net/interior/wp-json/oembed/1.0/embed79e8]
[blogosphere.cmsmasters.net/interior/wp-content/uploads/sites/3/2015/05/shop-3-2.jpg]
[blogosphere.cmsmasters.net/interior/wp-content/uploads/sites/3/2015/05/shop-3-2-150x150.jpg]
[blogosphere.cmsmasters.net/interior/product/modern-glasses/index.html]
[blogosphere.cmsmasters.net/interior/shop/indexf147.html]
[blogosphere.cmsmasters.net/interior/product/modern-glasses/index2b5c.html]
[blogosphere.cmsmasters.net/interior/product/modern-glasses/indexc727.html]
[blogosphere.cmsmasters.net/interior/wp-json/wp/v2/product/1668.json]
[blogosphere.cmsmasters.net/interior/product/spherical-vase/feed/index.html]
[blogosphere.cmsmasters.net/interior/wp-json/oembed/1.0/embed781d.json]
[blogosphere.cmsmasters.net/interior/wp-json/oembed/1.0/embed98aa]
[blogosphere.cmsmasters.net/interior/wp-content/uploads/sites/3/2015/05/shop-1-2.jpg]
[blogosphere.cmsmasters.net/interior/wp-content/uploads/sites/3/2015/05/shop-1-2-150x150.jpg]
[blogosphere.cmsmasters.net/interior/product/spherical-vase/index.html]
[blogosphere.cmsmasters.net/interior/shop/index2b5c.html]
[blogosphere.cmsmasters.net/interior/product/spherical-vase/index804b.html]
[blogosphere.cmsmasters.net/interior/product/spherical-vase/indexf147.html]
[blogosphere.cmsmasters.net/interior/product/spherical-vase/indexc6bb.html]
[blogosphere.cmsmasters.net/interior/wp-json/wp/v2/product/1664.json]
[blogosphere.cmsmasters.net/interior/product/style-set/feed/index.html]
[blogosphere.cmsmasters.net/interior/wp-json/oembed/1.0/embeda9ea.json]
[blogosphere.cmsmasters.net/interior/wp-json/oembed/1.0/embed151b]
[blogosphere.cmsmasters.net/interior/wp-content/uploads/sites/3/2015/05/shop-5-2.jpg]
[blogosphere.cmsmasters.net/interior/wp-content/uploads/sites/3/2015/05/shop-5-2-150x150.jpg]
[blogosphere.cmsmasters.net/interior/product/style-set/index.html]
[blogosphere.cmsmasters.net/interior/shop/index804b.html]
[blogosphere.cmsmasters.net/interior/product/style-set/indexc6bb.html]
[blogosphere.cmsmasters.net/interior/product/style-set/indexc727.html]
[blogosphere.cmsmasters.net/interior/product/style-set/indexf147.html]
[blogosphere.cmsmasters.net/interior/wp-json/wp/v2/product/1663.json]
[blogosphere.cmsmasters.net/interior/product/watch/feed/index.html]
[blogosphere.cmsmasters.net/interior/wp-json/oembed/1.0/embed02a6.json]
[blogosphere.cmsmasters.net/interior/wp-json/oembed/1.0/embedac4a]
[blogosphere.cmsmasters.net/interior/product/watch/index.html]
[blogosphere.cmsmasters.net/interior/product/watch/index804b.html]
[blogosphere.cmsmasters.net/interior/product/watch/indexc727.html]
[blogosphere.cmsmasters.net/interior/product/watch/indexc6bb.html]
[blogosphere.cmsmasters.net/interior/wp-json/wp/v2/product_cat/50.json]
[blogosphere.cmsmasters.net/interior/product-category/uncategorized/index.html]
[blogosphere.cmsmasters.net/interior/indexd127.html]
[blogosphere.cmsmasters.net/interior/index0dd3.html]
[blogosphere.cmsmasters.net/interior/indexd0b8.html]
[blogosphere.cmsmasters.net/interior/indexe6f0.html]
[blogosphere.cmsmasters.net/interior/indexbf00.html]
[blogosphere.cmsmasters.net/interior/indexc295.html]
[blogosphere.cmsmasters.net/interior/2017/09/24/my-small-living-room-makeover-for-west-elm/index21b4.html]
[blogosphere.cmsmasters.net/interior/2017/09/24/my-small-living-room-makeover-for-west-elm/index5b55.html]
[blogosphere.cmsmasters.net/interior/2017/09/24/my-small-living-room-makeover-for-west-elm/index16e2.html]
[blogosphere.cmsmasters.net/interior/2017/09/24/my-small-living-room-makeover-for-west-elm/index9f02.html]
[blogosphere.cmsmasters.net/interior/2017/09/24/my-small-living-room-makeover-for-west-elm/index802f.html]
[blogosphere.cmsmasters.net/interior/product-category/uncategorized/feed/index.html]
[blogosphere.cmsmasters.net/interior/wp-json/wp/v2/pj-categs/30.json]
[blogosphere.cmsmasters.net/interior/pj-categs/projects/feed/index.html]
[blogosphere.cmsmasters.net/interior/wp-content/uploads/sites/3/2017/09/project3-5t-350x350.jpg]
[blogosphere.cmsmasters.net/interior/wp-content/uploads/sites/3/2017/09/project3-3t-350x350.jpg]
[blogosphere.cmsmasters.net/interior/wp-content/uploads/sites/3/2017/09/project3-6t-350x350.jpg]
[blogosphere.cmsmasters.net/interior/wp-content/uploads/sites/3/2017/09/project3-2t-350x350.jpg]
[blogosphere.cmsmasters.net/interior/wp-content/uploads/sites/3/2017/09/project3-4t-350x350.jpg]
[blogosphere.cmsmasters.net/interior/pj-categs/projects/index.html]
[blogosphere.cmsmasters.net/interior/author/cmsmasters/page/2/index.html]
[blogosphere.cmsmasters.net/interior/author/cmsmasters/page/3/index.html]
[blogosphere.cmsmasters.net/interior/index5d38.html]
[blogosphere.cmsmasters.net/interior/index7eb2.html]
[blogosphere.cmsmasters.net/interior/2/index.html]
[blogosphere.cmsmasters.net/interior/page/1/index.html]
[blogosphere.cmsmasters.net/interior/3/index.html]
[blogosphere.cmsmasters.net/interior/index98f6.html]
[blogosphere.cmsmasters.net/interior/index92c7.html]
[blogosphere.cmsmasters.net/interior/index90e3.html]
[blogosphere.cmsmasters.net/interior/wp-content/plugins/revslider/public/assets/fonts/revicons/revicons90c6.svg]
[blogosphere.cmsmasters.net/interior/wp-content/plugins/revslider/public/assets/css/openhand.html]
[blogosphere.cmsmasters.net/interior/wp-content/plugins/revslider/public/assets/css/closedhand.html]
[blogosphere.cmsmasters.net/interior/index44fb.html]
[blogosphere.cmsmasters.net/interior/wp-json/wp/v2/project/8414.json]
[blogosphere.cmsmasters.net/interior/project/living-room-large-window/feed/index.html]
[blogosphere.cmsmasters.net/interior/wp-json/oembed/1.0/embed5c78.json]
[blogosphere.cmsmasters.net/interior/wp-json/oembed/1.0/embed49d0]
[blogosphere.cmsmasters.net/interior/wp-content/uploads/sites/3/2017/09/project3-5.jpg]
[blogosphere.cmsmasters.net/interior/wp-content/uploads/sites/3/2017/09/project3-5-1160x648.jpg]
[blogosphere.cmsmasters.net/interior/wp-content/uploads/sites/3/2017/09/project3-3t-150x150.jpg]
[blogosphere.cmsmasters.net/interior/project/living-room-large-window/index.html]
[blogosphere.cmsmasters.net/interior/index7867.html]
[blogosphere.cmsmasters.net/interior/index15f1.html]
[blogosphere.cmsmasters.net/interior/indexb702.html]
[blogosphere.cmsmasters.net/interior/wp-json/wp/v2/project/606.json]
[blogosphere.cmsmasters.net/interior/project/perfect-reading-room/feed/index.html]
[blogosphere.cmsmasters.net/interior/wp-json/oembed/1.0/embed7d65.json]
[blogosphere.cmsmasters.net/interior/wp-json/oembed/1.0/embed4b1b]
[blogosphere.cmsmasters.net/interior/wp-content/uploads/sites/3/2017/09/project3-6.jpg]
[blogosphere.cmsmasters.net/interior/wp-content/uploads/sites/3/2017/09/project3-6-1160x648.jpg]
[blogosphere.cmsmasters.net/interior/project/perfect-reading-room/index.html]
[blogosphere.cmsmasters.net/interior/indexc494.html]
[blogosphere.cmsmasters.net/interior/index0c13.html]
[blogosphere.cmsmasters.net/interior/index648c.html]
[blogosphere.cmsmasters.net/interior/2017/09/05/kitchen-ideas-11-neat-ways-to-store-your-small-appliances/index0e22.html]
[blogosphere.cmsmasters.net/interior/wp-includes/js/mediaelement/mejs-controls.svg]
[blogosphere.cmsmasters.net/interior/masonry-blog/page/1/index.html]
[blogosphere.cmsmasters.net/interior/side-blog/page/1/index.html]
[blogosphere.cmsmasters.net/interior/product-category/shop/indexc6bb.html]
[blogosphere.cmsmasters.net/interior/product-category/shop/indexc727.html]
[blogosphere.cmsmasters.net/interior/product-category/shop/indexf147.html]
[blogosphere.cmsmasters.net/interior/product-category/shop/index2b5c.html]
[blogosphere.cmsmasters.net/interior/product-category/shop/index804b.html]
[blogosphere.cmsmasters.net/interior/product-category/technique/indexc6bb.html]
[blogosphere.cmsmasters.net/interior/index3e90.html]
[blogosphere.cmsmasters.net/interior/product/camera/index2b5c.html]
[blogosphere.cmsmasters.net/interior/product/camera/index804b.html]
[blogosphere.cmsmasters.net/interior/product/camera/indexf147.html]
[blogosphere.cmsmasters.net/interior/wp-content/plugins/woocommerce/assets/css/select2823d.css]
[blogosphere.cmsmasters.net/interior/indexd3da.html]
[blogosphere.cmsmasters.net/interior/product-category/flowers/indexc727.html]
[blogosphere.cmsmasters.net/interior/product-category/interior/indexc727.html]
[blogosphere.cmsmasters.net/interior/product-category/interior/index2b5c.html]
[blogosphere.cmsmasters.net/interior/index1f00.html]
[blogosphere.cmsmasters.net/interior/product/indoor-flower/index804b.html]
[blogosphere.cmsmasters.net/interior/product/indoor-flower/indexf147.html]
[blogosphere.cmsmasters.net/interior/product-category/accessories/indexf147.html]
[blogosphere.cmsmasters.net/interior/product-category/accessories/index804b.html]
[blogosphere.cmsmasters.net/interior/indexf688.html]
[blogosphere.cmsmasters.net/interior/product/modern-glasses/index2b5c.html]
[blogosphere.cmsmasters.net/interior/product/modern-glasses/indexc727.html]
[blogosphere.cmsmasters.net/interior/product/camera/indexc727.html]
[blogosphere.cmsmasters.net/interior/indexcd53.html]
[blogosphere.cmsmasters.net/interior/product/spherical-vase/index804b.html]
[blogosphere.cmsmasters.net/interior/product/spherical-vase/indexc6bb.html]
[blogosphere.cmsmasters.net/interior/product/modern-glasses/index804b.html]
[blogosphere.cmsmasters.net/interior/product/spherical-vase/indexf147.html]
[blogosphere.cmsmasters.net/interior/indexfbb7.html]
[blogosphere.cmsmasters.net/interior/product/modern-glasses/indexc6bb.html]
[blogosphere.cmsmasters.net/interior/product/style-set/indexc6bb.html]
[blogosphere.cmsmasters.net/interior/product/style-set/indexc727.html]
[blogosphere.cmsmasters.net/interior/product/style-set/indexf147.html]
[blogosphere.cmsmasters.net/interior/index7b62.html]
[blogosphere.cmsmasters.net/interior/product/watch/indexc727.html]
[blogosphere.cmsmasters.net/interior/product/indoor-flower/indexc6bb.html]
[blogosphere.cmsmasters.net/interior/product/watch/indexc6bb.html]
[blogosphere.cmsmasters.net/interior/product/spherical-vase/indexc727.html]
[blogosphere.cmsmasters.net/interior/product/watch/index804b.html]
[blogosphere.cmsmasters.net/interior/author/cmsmasters/page/1/index.html]
[blogosphere.cmsmasters.net/interior/index49f9.html]
[blogosphere.cmsmasters.net/interior/indexce2e.html]
[blogosphere.cmsmasters.net/interior/product/camera/indexc727.html]
[blogosphere.cmsmasters.net/interior/product/indoor-flower/indexc6bb.html]
[blogosphere.cmsmasters.net/interior/product/modern-glasses/index804b.html]
[blogosphere.cmsmasters.net/interior/product/modern-glasses/indexc6bb.html]
[blogosphere.cmsmasters.net/interior/product/spherical-vase/indexc727.html]
[blogosphere.cmsmasters.net/interior/product/watch/indexf147.html]
[blogosphere.cmsmasters.net/interior/product/style-set/index2b5c.html]
[blogosphere.cmsmasters.net/interior/product/style-set/index2b5c.html]
[blogosphere.cmsmasters.net/interior/product/watch/indexf147.html]
[blogosphere.cmsmasters.net/interior/product/watch/index2b5c.html]
[blogosphere.cmsmasters.net/interior/product/watch/index2b5c.html]
